   ---   36   cards of disk file read into card cache cells  1   onward.
 <===> Done with  "/"-card sorting by data class.    Remember that the source file appears different from interpreted input data.
Alternative Transients Program (ATP), Salford 80386 translation.  All rights reserved by Can/Am user group of Portland, Oregon, USA.
 Date (dd-mth-yy) and time of day (hh.mm.ss) = 11-Aug-26  08:59:14    Name of disk plot file is  TEMP_CASE.pl4
Consult the 860-page ATP Rule Book of the Can/Am EMTP User Group in Portland,  Oregon, USA.  Source code date is 13 March 2019.
Size of LABCOM tables = 75048 Kilobytes.  VARDIM List Sizes follow:   6002  10K  192K  20K  420K  50K  15K
  120K  2250  3800  720  2K  72800  510  800K  800  90  254  800K  100K  3K  15K  192K  120  45K  260K  10K  210K  1100  19  200K
--------------------------------------------------+--------------------------------------------------------------------------------
Descriptive interpretation of input data cards.   |  Input data card images are shown below, all 80 columns, character by character
                                                  0         1         2         3         4         5         6         7         8
                                                  012345678901234567890123456789012345678901234567890123456789012345678901234567890
--------------------------------------------------+--------------------------------------------------------------------------------
Comment card.   Card index = 1.                   |C data:TEMP_CASE.ATP
Marker card preceding new EMTP data case.         |BEGIN NEW DATA CASE
Comment card.   Card index = 3.                   |C  ATP Case File for scenario_7
Comment card.   Card index = 4.                   |C  Event Type: motor_start
Comment card.   Card index = 5.                   |C  Event Target: trans2
Comment card.   Card index = 6.                   |C  Event Start Time: 0.02 s
New power frequency  STATFR = 5.00000000E+01 Hz.  |POWER FREQUENCY                      50.
Comment card.   Card index = 8.                   |C $DUMMY, XYZ000
Comment card.   Card index = 9.                   |C  dT  >< Tmax >< Xopt >< Copt ><Epsiln>
Misc. data.     1.000E-04   1.000E-01   5.000E+01 |   1.E-4    0.1     50.     50.

------------------------------------------------------------------------------------------------------------------------------------
ERROR/ERROR/ERROR/ERROR/ERROR/ERROR/ERROR/ERROR/ERROR/ERROR/ERROR/ERROR/ERROR/ERROR/ERROR/ERROR/ERROR/ERROR/ERROR/ERROR/ERROR/ERROR/
ERROR/ERROR/ERROR/ERROR/ERROR/ERROR/ERROR/ERROR/ERROR/ERROR/ERROR/ERROR/ERROR/ERROR/ERROR/ERROR/ERROR/ERROR/ERROR/ERROR/ERROR/ERROR/
------------------------------------------------------------------------------------------------------------------------------------
You lose, fella.   The EMTP logic has detected an error condition, and is now going to terminate program execution.  The following
message summarizes the circumstances leading to this situation.  Where an otherwise-unidentified data card is referred to, or where
the "last" card is mentioned, it is the most recently read card of the input data that is meant.  The 80-column image of this card
is generally the last one printed out prior to this termination message.  But possibly this last-read card has not yet been
displayed, so a copy follows:
 "     1000       1       1       1       1       0       0       1       0       "
              KILL code number                Overlay number               Nearby statement number
                         98                          1                               4149
KILL = 98.   An  "I"-field  number that is not right-adjusted within its data field has been detected on the last-read data card.
Column  9   begins a field of width  8,  but column  10   contains either an illegal character or a blank that is not on the left.
When all decimal digits are not packed on the right, an integer will be larger than expected by 10, or 100, etc.
------------------------------------------------------------------------------------------------------------------------------------
ERROR/ERROR/ERROR/ERROR/ERROR/ERROR/ERROR/ERROR/ERROR/ERROR/ERROR/ERROR/ERROR/ERROR/ERROR/ERROR/ERROR/ERROR/ERROR/ERROR/ERROR/ERROR/
ERROR/ERROR/ERROR/ERROR/ERROR/ERROR/ERROR/ERROR/ERROR/ERROR/ERROR/ERROR/ERROR/ERROR/ERROR/ERROR/ERROR/ERROR/ERROR/ERROR/ERROR/ERROR/
------------------------------------------------------------------------------------------------------------------------------------

Memory storage figures for the preceding, now-completed data case.  -------------------------------  Present   Program
A value of  "-9999"  indicates that no figure is available.         11-Aug-26  08:59:14              figure    limit  ( name )
     Size List 1.   Number of electric network nodes.                                                -9999      6000  (LBUS  )
     Size List 2.   Number of electric network branches.                                             -9999     10000  (LBRNCH)
     Size List 3.   Number of data values in R, L, C tables.                                         -9999      192K  (LDATA )
     Size List 4.   Number of electric network sources.                                              -9999     20000  (LEXCT )
     Size List 5.   Storage for [Y] & triangularized [Y].  No. times = 0   Factors = 0               -9999      420K  (LYMAT )
     Size List 6.   Number of entries in switch table.                  No. flops = 0                -9999     50000  (LSWTCH)
     Size List 7.   Number of distinct ALPHANUMERIC data names plus program SPY variables.           -9999     15000  (LSIZE7)
     Size List 8.   History points of distributed lines.                                             -9999      120K  (LPAST )
     Size List 9.   Number of nonlinear elements.                                                    -9999      2250  (LNONL )
     Size List 10.  Points of nonlinear characteristics.                                             -9999      3800  (LCHAR )
     Size List 11.  Number of Type-59 S.M. outputs.                                                  -9999       720  (LSMOUT)
     Size List 12.  Total number of EMTP output variables.                                           -9999      2000  (LSIZ12)
     Size List 13.  Working space for batch/SPY plotting.                                            -9999     72800  (LSIZ13)
     Size List 14.  S.M./U.M. connections to TACS.                                                   -9999       510  (LBSTAC)
     Size List 15.  Character storage in bytes for MODELS.                                           -9999      800K  (LCTACS)
     Size List 16.  Total number of Type-59 S.M. masses.                                             -9999       800  (LIMASS)
     Size List 17.  Number of Type-59 Synchronous machines.                                          -9999        90  (LSYN  )
     Size List 18.  Branch and switch power/energy outputs.                                          -9999       254  (MAXPE )
     Size List 19.  Total floating-point TACS table space.                                           -9999      800K  (LTACST)
     Size List 20.  Non-copied recursive convolution data plus SEEK of MODELS.                       -9999      100K  (LFSEM )
     Size List 21.  Total modal/phase [T] matrix storage.                                            -9999      3000  (LFD   )
     Size List 22.  Total recursive convolution history.                                             -9999     15000  (LHIST )
     Size List 23.  Giant vectors for renumbering, phasors;  also extrema accumulation.              -9999      192K  (LSIZ23)
     Size List 24.  Peak phases of compensation for data.                                            -9999       120  (LCOMP )
     Size List 25.  Total table space for all U.M usage.                                             -9999     45000  (LSPCUM)
     Size List 26.  Square of max number of coupled phases.                                          -9999      260K  (LSIZ26)
     Size List 27.  Maximum number of MODELS top variables.                                          -9999     10000  (LSIZ27)
     Size List 28.  MODELS.  Total work space is divided into INTEGER and REAL.  1st, REAL:          -9999      210K  (LRTACS)
                             Second  and last,  statistics for INTEGER work space.                       0         0  (LITACS)
     Size List 29.  RAM disk used by "TAPSAV" table saving (limit is "LABCOM" size LTLABL).          -9999      1100  (LSIZ29)
     Size List 30.  Number of "ULM line" or "Noda line" or "User line" circuits.                     -9999        60  (LSIZ30)
     Size List 31.  Limit on # of data cards stored in RAM.                                          -9999    200002  (LSIZ31)
     Size List 32.  4 integer vectors of pocket calculator.                                          -9999       600  (LSIZ32)
     Size List 33.  Extension to List-15 supports MS Excel.                                          -9999  21066176  (LSIZ33)
Timing figures characterizing central processor (CP) solution speed.  ----------------------------   CP sec  Wait sec  Real sec
     Data input time (through blank card ending branches) ....                                       0.000     0.000     0.000
     Node renumbering and phasor solution  ....                                                      0.000     0.000     0.000
     After phasor solution, but before time-step loop  ....                                          0.000     0.000     0.000
     Integration of equations (time-step loop)  ....                                                 0.000     0.000     0.000
     Plotting or STATISTICS termination overlays ....                                                0.000     0.000     0.000
                                                                                                    ---------------------------
                                                                                          Totals      0.000     0.000     0.000
